// Jest Snapshot v1, https://goo.gl/fbAQLP

exports[`should render the same every time 1`] = `
<DocumentFragment>
  <div
    class="TodoList"
  >
    <div>
      <form>
        <input
          name="todo"
          placeholder="New Todo"
          type="text"
          value=""
        />
        <button>
          Add
        </button>
      </form>
    </div>
    <ul />
  </div>
</DocumentFragment>
`;
